Copyright 1986-2017 Xilinx, Inc. All Rights Reserved.
---------------------------------------------------------------------------------------------------------------------------------------
| Tool Version : Vivado v.2017.2 (lin64) Build 1909853 Thu Jun 15 18:39:10 MDT 2017
| Date         : Fri Oct 20 21:11:18 2017
| Host         : cantata running 64-bit Ubuntu 17.04
| Command      : report_utilization -file system_mig_7series_0_0_utilization_synth.rpt -pb system_mig_7series_0_0_utilization_synth.pb
| Design       : system_mig_7series_0_0
| Device       : 7a100tcsg324-1
| Design State : Synthesized
---------------------------------------------------------------------------------------------------------------------------------------

Utilization Design Information

Table of Contents
-----------------
1. Slice Logic
1.1 Summary of Registers by Type
2. Memory
3. DSP
4. IO and GT Specific
5. Clocking
6. Specific Feature
7. Primitives
8. Black Boxes
9. Instantiated Netlists

1. Slice Logic
--------------

+----------------------------+------+-------+-----------+-------+
|          Site Type         | Used | Fixed | Available | Util% |
+----------------------------+------+-------+-----------+-------+
| Slice LUTs*                | 4549 |     0 |     63400 |  7.18 |
|   LUT as Logic             | 3991 |     0 |     63400 |  6.29 |
|   LUT as Memory            |  558 |     0 |     19000 |  2.94 |
|     LUT as Distributed RAM |  352 |     0 |           |       |
|     LUT as Shift Register  |  206 |     0 |           |       |
| Slice Registers            | 3859 |     2 |    126800 |  3.04 |
|   Register as Flip Flop    | 3849 |     2 |    126800 |  3.04 |
|   Register as Latch        |    0 |     0 |    126800 |  0.00 |
|   Register as AND/OR       |   10 |     0 |    126800 | <0.01 |
| F7 Muxes                   |   91 |     0 |     31700 |  0.29 |
| F8 Muxes                   |    0 |     0 |     15850 |  0.00 |
+----------------------------+------+-------+-----------+-------+
* Warning! The Final LUT count, after physical optimizations and full implementation, is typically lower. Run opt_design after synthesis, if not already completed, for a more realistic count.


1.1 Summary of Registers by Type
--------------------------------

+-------+--------------+-------------+--------------+
| Total | Clock Enable | Synchronous | Asynchronous |
+-------+--------------+-------------+--------------+
| 10    |            _ |           - |            - |
| 0     |            _ |           - |          Set |
| 0     |            _ |           - |        Reset |
| 0     |            _ |         Set |            - |
| 0     |            _ |       Reset |            - |
| 0     |          Yes |           - |            - |
| 68    |          Yes |           - |          Set |
| 1     |          Yes |           - |        Reset |
| 99    |          Yes |         Set |            - |
| 3681  |          Yes |       Reset |            - |
+-------+--------------+-------------+--------------+


2. Memory
---------

+----------------+------+-------+-----------+-------+
|    Site Type   | Used | Fixed | Available | Util% |
+----------------+------+-------+-----------+-------+
| Block RAM Tile |    0 |     0 |       135 |  0.00 |
|   RAMB36/FIFO* |    0 |     0 |       135 |  0.00 |
|   RAMB18       |    0 |     0 |       270 |  0.00 |
+----------------+------+-------+-----------+-------+
* Note: Each Block RAM Tile only has one FIFO logic available and therefore can accommodate only one FIFO36E1 or one FIFO18E1. However, if a FIFO18E1 occupies a Block RAM Tile, that tile can still accommodate a RAMB18E1


3. DSP
------

+-----------+------+-------+-----------+-------+
| Site Type | Used | Fixed | Available | Util% |
+-----------+------+-------+-----------+-------+
| DSPs      |    0 |     0 |       240 |  0.00 |
+-----------+------+-------+-----------+-------+


4. IO and GT Specific
---------------------

+-----------------------------+------+-------+-----------+-------+
|          Site Type          | Used | Fixed | Available | Util% |
+-----------------------------+------+-------+-----------+-------+
| Bonded IOB                  |   47 |     0 |       210 | 22.38 |
| Bonded IPADs                |    0 |     0 |         2 |  0.00 |
| PHY_CONTROL                 |    1 |     0 |         6 | 16.67 |
| PHASER_REF                  |    1 |     0 |         6 | 16.67 |
| OUT_FIFO                    |    4 |     0 |        24 | 16.67 |
| IN_FIFO                     |    2 |     0 |        24 |  8.33 |
| IDELAYCTRL                  |    1 |     0 |         6 | 16.67 |
| IBUFDS                      |    0 |     0 |       202 |  0.00 |
| PHASER_OUT/PHASER_OUT_PHY   |    4 |     0 |        24 | 16.67 |
|   PHASER_OUT_PHY only       |    4 |     0 |           |       |
| PHASER_IN/PHASER_IN_PHY     |    2 |     0 |        24 |  8.33 |
|   PHASER_IN_PHY only        |    2 |     0 |           |       |
| IDELAYE2/IDELAYE2_FINEDELAY |   16 |     0 |       300 |  5.33 |
|   IDELAYE2 only             |   16 |     0 |           |       |
| ILOGIC                      |   16 |     0 |       210 |  7.62 |
|   ISERDES                   |   16 |       |           |       |
| OLOGIC                      |   47 |     0 |       210 | 22.38 |
|   OSERDES                   |   42 |       |           |       |
|   ODDR                      |    5 |       |           |       |
+-----------------------------+------+-------+-----------+-------+


5. Clocking
-----------

+------------+------+-------+-----------+-------+
|  Site Type | Used | Fixed | Available | Util% |
+------------+------+-------+-----------+-------+
| BUFGCTRL   |    8 |     0 |        32 | 25.00 |
| BUFIO      |    0 |     0 |        24 |  0.00 |
| MMCME2_ADV |    1 |     0 |         6 | 16.67 |
| PLLE2_ADV  |    1 |     0 |         6 | 16.67 |
| BUFMRCE    |    0 |     0 |        12 |  0.00 |
| BUFHCE     |    1 |     0 |        96 |  1.04 |
| BUFR       |    0 |     0 |        24 |  0.00 |
+------------+------+-------+-----------+-------+


6. Specific Feature
-------------------

+-------------+------+-------+-----------+--------+
|  Site Type  | Used | Fixed | Available |  Util% |
+-------------+------+-------+-----------+--------+
| BSCANE2     |    0 |     0 |         4 |   0.00 |
| CAPTUREE2   |    0 |     0 |         1 |   0.00 |
| DNA_PORT    |    0 |     0 |         1 |   0.00 |
| EFUSE_USR   |    0 |     0 |         1 |   0.00 |
| FRAME_ECCE2 |    0 |     0 |         1 |   0.00 |
| ICAPE2      |    0 |     0 |         2 |   0.00 |
| PCIE_2_1    |    0 |     0 |         1 |   0.00 |
| STARTUPE2   |    0 |     0 |         1 |   0.00 |
| XADC        |    1 |     0 |         1 | 100.00 |
+-------------+------+-------+-----------+--------+


7. Primitives
-------------

+--------------------------+------+---------------------+
|         Ref Name         | Used | Functional Category |
+--------------------------+------+---------------------+
| FDRE                     | 3681 |        Flop & Latch |
| LUT6                     | 1319 |                 LUT |
| LUT5                     | 1112 |                 LUT |
| LUT4                     |  819 |                 LUT |
| LUT3                     |  794 |                 LUT |
| LUT2                     |  532 |                 LUT |
| RAMD32                   |  528 |  Distributed Memory |
| LUT1                     |  367 |                 LUT |
| SRLC32E                  |  191 |  Distributed Memory |
| RAMS32                   |  176 |  Distributed Memory |
| CARRY4                   |  161 |          CarryLogic |
| FDSE                     |   99 |        Flop & Latch |
| MUXF7                    |   91 |               MuxFx |
| FDPE                     |   68 |        Flop & Latch |
| OSERDESE2                |   42 |                  IO |
| OBUF                     |   22 |                  IO |
| OBUFT                    |   18 |                  IO |
| ISERDESE2                |   16 |                  IO |
| IDELAYE2                 |   16 |                  IO |
| IBUF_INTERMDISABLE       |   16 |                  IO |
| SRL16E                   |   15 |  Distributed Memory |
| BUFG                     |    8 |               Clock |
| AND2B1L                  |    8 |              Others |
| ODDR                     |    5 |                  IO |
| PHASER_OUT_PHY           |    4 |                  IO |
| OUT_FIFO                 |    4 |                  IO |
| OBUFTDS                  |    4 |                  IO |
| IBUFDS_INTERMDISABLE_INT |    4 |                  IO |
| INV                      |    3 |                 LUT |
| PHASER_IN_PHY            |    2 |                  IO |
| OR2L                     |    2 |              Others |
| OBUFDS                   |    2 |                  IO |
| IN_FIFO                  |    2 |                  IO |
| XADC                     |    1 |              Others |
| PLLE2_ADV                |    1 |               Clock |
| PHY_CONTROL              |    1 |                  IO |
| PHASER_REF               |    1 |                  IO |
| MMCME2_ADV               |    1 |               Clock |
| IDELAYCTRL               |    1 |                  IO |
| IBUF                     |    1 |                  IO |
| FDCE                     |    1 |        Flop & Latch |
| BUFH                     |    1 |               Clock |
+--------------------------+------+---------------------+


8. Black Boxes
--------------

+----------+------+
| Ref Name | Used |
+----------+------+


9. Instantiated Netlists
------------------------

+----------+------+
| Ref Name | Used |
+----------+------+


